mode: set
github.com/matthewsgalaxy/backend/internal/handlers/admin.go:13.40,16.89 2 0
github.com/matthewsgalaxy/backend/internal/handlers/admin.go:16.89,19.3 2 0
github.com/matthewsgalaxy/backend/internal/handlers/admin.go:20.2,20.89 1 0
github.com/matthewsgalaxy/backend/internal/handlers/admin.go:20.89,23.3 2 0
github.com/matthewsgalaxy/backend/internal/handlers/admin.go:24.2,24.95 1 0
github.com/matthewsgalaxy/backend/internal/handlers/admin.go:24.95,27.3 2 0
github.com/matthewsgalaxy/backend/internal/handlers/admin.go:28.2,28.89 1 0
github.com/matthewsgalaxy/backend/internal/handlers/admin.go:28.89,31.3 2 0
github.com/matthewsgalaxy/backend/internal/handlers/admin.go:32.2,32.123 1 0
github.com/matthewsgalaxy/backend/internal/handlers/admin.go:32.123,35.3 2 0
github.com/matthewsgalaxy/backend/internal/handlers/admin.go:37.2,37.30 1 0
github.com/matthewsgalaxy/backend/internal/handlers/admin.go:41.34,45.78 3 0
github.com/matthewsgalaxy/backend/internal/handlers/admin.go:45.78,48.3 2 0
github.com/matthewsgalaxy/backend/internal/handlers/admin.go:50.2,55.16 3 0
github.com/matthewsgalaxy/backend/internal/handlers/admin.go:55.16,58.3 2 0
github.com/matthewsgalaxy/backend/internal/handlers/admin.go:61.2,62.29 2 0
github.com/matthewsgalaxy/backend/internal/handlers/admin.go:62.29,64.3 1 0
github.com/matthewsgalaxy/backend/internal/handlers/admin.go:66.2,66.78 1 0
github.com/matthewsgalaxy/backend/internal/handlers/admin.go:70.33,75.16 4 1
github.com/matthewsgalaxy/backend/internal/handlers/admin.go:75.16,78.3 2 1
github.com/matthewsgalaxy/backend/internal/handlers/admin.go:81.2,81.35 1 1
github.com/matthewsgalaxy/backend/internal/handlers/admin.go:81.35,84.3 2 1
github.com/matthewsgalaxy/backend/internal/handlers/admin.go:87.2,89.16 3 0
github.com/matthewsgalaxy/backend/internal/handlers/admin.go:89.16,92.3 2 0
github.com/matthewsgalaxy/backend/internal/handlers/admin.go:94.2,94.27 1 0
github.com/matthewsgalaxy/backend/internal/handlers/admin.go:94.27,97.3 2 0
github.com/matthewsgalaxy/backend/internal/handlers/admin.go:99.2,100.16 2 0
github.com/matthewsgalaxy/backend/internal/handlers/admin.go:100.16,103.3 2 0
github.com/matthewsgalaxy/backend/internal/handlers/admin.go:105.2,105.70 1 0
github.com/matthewsgalaxy/backend/internal/handlers/admin.go:109.37,112.16 3 1
github.com/matthewsgalaxy/backend/internal/handlers/admin.go:112.16,115.3 2 1
github.com/matthewsgalaxy/backend/internal/handlers/admin.go:117.2,120.47 2 1
github.com/matthewsgalaxy/backend/internal/handlers/admin.go:120.47,123.3 2 1
github.com/matthewsgalaxy/backend/internal/handlers/admin.go:125.2,126.16 2 0
github.com/matthewsgalaxy/backend/internal/handlers/admin.go:126.16,129.3 2 0
github.com/matthewsgalaxy/backend/internal/handlers/admin.go:131.2,132.23 2 0
github.com/matthewsgalaxy/backend/internal/handlers/admin.go:132.23,135.3 2 0
github.com/matthewsgalaxy/backend/internal/handlers/admin.go:137.2,137.70 1 0
github.com/matthewsgalaxy/backend/internal/handlers/auth.go:14.31,16.47 2 1
github.com/matthewsgalaxy/backend/internal/handlers/auth.go:16.47,19.3 2 1
github.com/matthewsgalaxy/backend/internal/handlers/auth.go:22.2,24.16 3 0
github.com/matthewsgalaxy/backend/internal/handlers/auth.go:24.16,27.3 2 0
github.com/matthewsgalaxy/backend/internal/handlers/auth.go:28.2,28.12 1 0
github.com/matthewsgalaxy/backend/internal/handlers/auth.go:28.12,31.3 2 0
github.com/matthewsgalaxy/backend/internal/handlers/auth.go:34.2,35.16 2 0
github.com/matthewsgalaxy/backend/internal/handlers/auth.go:35.16,38.3 2 0
github.com/matthewsgalaxy/backend/internal/handlers/auth.go:41.2,49.16 3 0
github.com/matthewsgalaxy/backend/internal/handlers/auth.go:49.16,52.3 2 0
github.com/matthewsgalaxy/backend/internal/handlers/auth.go:55.2,56.16 2 0
github.com/matthewsgalaxy/backend/internal/handlers/auth.go:56.16,59.3 2 0
github.com/matthewsgalaxy/backend/internal/handlers/auth.go:61.2,64.4 1 0
github.com/matthewsgalaxy/backend/internal/handlers/auth.go:68.28,70.47 2 1
github.com/matthewsgalaxy/backend/internal/handlers/auth.go:70.47,73.3 2 1
github.com/matthewsgalaxy/backend/internal/handlers/auth.go:75.2,77.16 3 0
github.com/matthewsgalaxy/backend/internal/handlers/auth.go:77.16,80.3 2 0
github.com/matthewsgalaxy/backend/internal/handlers/auth.go:82.2,82.103 1 0
github.com/matthewsgalaxy/backend/internal/handlers/auth.go:82.103,85.3 2 0
github.com/matthewsgalaxy/backend/internal/handlers/auth.go:87.2,88.16 2 0
github.com/matthewsgalaxy/backend/internal/handlers/auth.go:88.16,91.3 2 0
github.com/matthewsgalaxy/backend/internal/handlers/auth.go:93.2,96.4 1 0
github.com/matthewsgalaxy/backend/internal/handlers/auth.go:100.37,102.13 2 1
github.com/matthewsgalaxy/backend/internal/handlers/auth.go:102.13,105.3 2 1
github.com/matthewsgalaxy/backend/internal/handlers/auth.go:107.2,109.16 3 0
github.com/matthewsgalaxy/backend/internal/handlers/auth.go:109.16,112.3 2 0
github.com/matthewsgalaxy/backend/internal/handlers/auth.go:114.2,114.42 1 0
github.com/matthewsgalaxy/backend/internal/handlers/auth.go:118.36,120.13 2 1
github.com/matthewsgalaxy/backend/internal/handlers/auth.go:120.13,123.3 2 1
github.com/matthewsgalaxy/backend/internal/handlers/auth.go:125.2,131.47 2 1
github.com/matthewsgalaxy/backend/internal/handlers/auth.go:131.47,134.3 2 1
github.com/matthewsgalaxy/backend/internal/handlers/auth.go:136.2,148.16 3 0
github.com/matthewsgalaxy/backend/internal/handlers/auth.go:148.16,151.3 2 0
github.com/matthewsgalaxy/backend/internal/handlers/auth.go:153.2,153.42 1 0
github.com/matthewsgalaxy/backend/internal/handlers/comments.go:13.34,19.16 4 0
github.com/matthewsgalaxy/backend/internal/handlers/comments.go:19.16,22.3 2 0
github.com/matthewsgalaxy/backend/internal/handlers/comments.go:24.2,33.69 3 0
github.com/matthewsgalaxy/backend/internal/handlers/comments.go:33.69,36.3 2 0
github.com/matthewsgalaxy/backend/internal/handlers/comments.go:38.2,38.33 1 0
github.com/matthewsgalaxy/backend/internal/handlers/comments.go:42.36,44.13 2 1
github.com/matthewsgalaxy/backend/internal/handlers/comments.go:44.13,47.3 2 1
github.com/matthewsgalaxy/backend/internal/handlers/comments.go:49.2,52.47 3 1
github.com/matthewsgalaxy/backend/internal/handlers/comments.go:52.47,55.3 2 1
github.com/matthewsgalaxy/backend/internal/handlers/comments.go:58.2,60.16 3 0
github.com/matthewsgalaxy/backend/internal/handlers/comments.go:60.16,63.3 2 0
github.com/matthewsgalaxy/backend/internal/handlers/comments.go:65.2,73.16 3 0
github.com/matthewsgalaxy/backend/internal/handlers/comments.go:73.16,76.3 2 0
github.com/matthewsgalaxy/backend/internal/handlers/comments.go:79.2,80.92 2 0
github.com/matthewsgalaxy/backend/internal/handlers/comments.go:80.92,84.3 2 0
github.com/matthewsgalaxy/backend/internal/handlers/comments.go:86.2,92.38 2 0
github.com/matthewsgalaxy/backend/internal/handlers/comments.go:96.36,102.16 5 1
github.com/matthewsgalaxy/backend/internal/handlers/comments.go:102.16,105.3 2 1
github.com/matthewsgalaxy/backend/internal/handlers/comments.go:108.2,110.16 3 0
github.com/matthewsgalaxy/backend/internal/handlers/comments.go:110.16,113.3 2 0
github.com/matthewsgalaxy/backend/internal/handlers/comments.go:115.2,115.65 1 0
github.com/matthewsgalaxy/backend/internal/handlers/comments.go:115.65,118.3 2 0
github.com/matthewsgalaxy/backend/internal/handlers/comments.go:120.2,121.16 2 0
github.com/matthewsgalaxy/backend/internal/handlers/comments.go:121.16,124.3 2 0
github.com/matthewsgalaxy/backend/internal/handlers/comments.go:126.2,126.73 1 0
github.com/matthewsgalaxy/backend/internal/handlers/likes.go:12.33,14.13 2 1
github.com/matthewsgalaxy/backend/internal/handlers/likes.go:14.13,17.3 2 1
github.com/matthewsgalaxy/backend/internal/handlers/likes.go:19.2,24.16 4 0
github.com/matthewsgalaxy/backend/internal/handlers/likes.go:24.16,27.3 2 0
github.com/matthewsgalaxy/backend/internal/handlers/likes.go:30.2,35.16 3 0
github.com/matthewsgalaxy/backend/internal/handlers/likes.go:35.16,38.3 2 0
github.com/matthewsgalaxy/backend/internal/handlers/likes.go:40.2,40.17 1 0
github.com/matthewsgalaxy/backend/internal/handlers/likes.go:40.17,43.17 2 0
github.com/matthewsgalaxy/backend/internal/handlers/likes.go:43.17,46.4 2 0
github.com/matthewsgalaxy/backend/internal/handlers/likes.go:47.3,47.74 1 0
github.com/matthewsgalaxy/backend/internal/handlers/likes.go:48.8,51.17 2 0
github.com/matthewsgalaxy/backend/internal/handlers/likes.go:51.17,54.4 2 0
github.com/matthewsgalaxy/backend/internal/handlers/likes.go:55.3,55.71 1 0
github.com/matthewsgalaxy/backend/internal/handlers/likes.go:60.36,66.16 4 0
github.com/matthewsgalaxy/backend/internal/handlers/likes.go:66.16,69.3 2 0
github.com/matthewsgalaxy/backend/internal/handlers/likes.go:72.2,73.109 2 0
github.com/matthewsgalaxy/backend/internal/handlers/likes.go:73.109,76.3 2 0
github.com/matthewsgalaxy/backend/internal/handlers/likes.go:78.2,85.12 3 0
github.com/matthewsgalaxy/backend/internal/handlers/likes.go:85.12,89.32 2 0
github.com/matthewsgalaxy/backend/internal/handlers/likes.go:89.32,92.4 2 0
github.com/matthewsgalaxy/backend/internal/handlers/likes.go:93.3,93.28 1 0
github.com/matthewsgalaxy/backend/internal/handlers/likes.go:96.2,96.33 1 0
github.com/matthewsgalaxy/backend/internal/handlers/posts.go:16.82,20.35 3 1
github.com/matthewsgalaxy/backend/internal/handlers/posts.go:20.35,22.3 1 1
github.com/matthewsgalaxy/backend/internal/handlers/posts.go:23.2,23.36 1 1
github.com/matthewsgalaxy/backend/internal/handlers/posts.go:23.36,25.3 1 1
github.com/matthewsgalaxy/backend/internal/handlers/posts.go:27.2,28.8 2 1
github.com/matthewsgalaxy/backend/internal/handlers/posts.go:32.96,34.15 2 1
github.com/matthewsgalaxy/backend/internal/handlers/posts.go:34.15,36.3 1 1
github.com/matthewsgalaxy/backend/internal/handlers/posts.go:37.2,43.3 1 1
github.com/matthewsgalaxy/backend/internal/handlers/posts.go:47.31,51.101 3 0
github.com/matthewsgalaxy/backend/internal/handlers/posts.go:51.101,54.3 2 0
github.com/matthewsgalaxy/backend/internal/handlers/posts.go:56.2,68.73 3 0
github.com/matthewsgalaxy/backend/internal/handlers/posts.go:68.73,71.3 2 0
github.com/matthewsgalaxy/backend/internal/handlers/posts.go:73.2,73.74 1 0
github.com/matthewsgalaxy/backend/internal/handlers/posts.go:77.36,90.60 4 0
github.com/matthewsgalaxy/backend/internal/handlers/posts.go:90.60,93.3 2 0
github.com/matthewsgalaxy/backend/internal/handlers/posts.go:95.2,95.29 1 0
github.com/matthewsgalaxy/backend/internal/handlers/posts.go:99.34,102.16 3 0
github.com/matthewsgalaxy/backend/internal/handlers/posts.go:102.16,105.3 2 0
github.com/matthewsgalaxy/backend/internal/handlers/posts.go:107.2,117.58 3 0
github.com/matthewsgalaxy/backend/internal/handlers/posts.go:117.58,120.3 2 0
github.com/matthewsgalaxy/backend/internal/handlers/posts.go:122.2,122.29 1 0
github.com/matthewsgalaxy/backend/internal/handlers/posts.go:126.33,130.47 3 0
github.com/matthewsgalaxy/backend/internal/handlers/posts.go:130.47,133.3 2 0
github.com/matthewsgalaxy/backend/internal/handlers/posts.go:135.2,139.107 3 0
github.com/matthewsgalaxy/backend/internal/handlers/posts.go:139.107,142.3 2 0
github.com/matthewsgalaxy/backend/internal/handlers/posts.go:143.2,143.15 1 0
github.com/matthewsgalaxy/backend/internal/handlers/posts.go:143.15,145.3 1 0
github.com/matthewsgalaxy/backend/internal/handlers/posts.go:147.2,155.16 3 0
github.com/matthewsgalaxy/backend/internal/handlers/posts.go:155.16,158.3 2 0
github.com/matthewsgalaxy/backend/internal/handlers/posts.go:160.2,160.34 1 0
github.com/matthewsgalaxy/backend/internal/handlers/posts.go:164.33,167.16 3 0
github.com/matthewsgalaxy/backend/internal/handlers/posts.go:167.16,170.3 2 0
github.com/matthewsgalaxy/backend/internal/handlers/posts.go:172.2,173.47 2 0
github.com/matthewsgalaxy/backend/internal/handlers/posts.go:173.47,176.3 2 0
github.com/matthewsgalaxy/backend/internal/handlers/posts.go:178.2,192.16 3 0
github.com/matthewsgalaxy/backend/internal/handlers/posts.go:192.16,195.3 2 0
github.com/matthewsgalaxy/backend/internal/handlers/posts.go:197.2,197.29 1 0
github.com/matthewsgalaxy/backend/internal/handlers/posts.go:201.33,204.16 3 0
github.com/matthewsgalaxy/backend/internal/handlers/posts.go:204.16,207.3 2 0
github.com/matthewsgalaxy/backend/internal/handlers/posts.go:209.2,210.16 2 0
github.com/matthewsgalaxy/backend/internal/handlers/posts.go:210.16,213.3 2 0
github.com/matthewsgalaxy/backend/internal/handlers/posts.go:215.2,216.23 2 0
github.com/matthewsgalaxy/backend/internal/handlers/posts.go:216.23,219.3 2 0
github.com/matthewsgalaxy/backend/internal/handlers/posts.go:221.2,221.70 1 0
github.com/matthewsgalaxy/backend/internal/handlers/posts.go:225.34,229.78 3 0
github.com/matthewsgalaxy/backend/internal/handlers/posts.go:229.78,232.3 2 0
github.com/matthewsgalaxy/backend/internal/handlers/posts.go:234.2,245.73 3 0
github.com/matthewsgalaxy/backend/internal/handlers/posts.go:245.73,248.3 2 0
github.com/matthewsgalaxy/backend/internal/handlers/posts.go:250.2,250.74 1 0
github.com/matthewsgalaxy/backend/internal/handlers/posts.go:253.40,259.2 5 1
github.com/matthewsgalaxy/backend/internal/handlers/posts.go:261.29,263.22 2 1
github.com/matthewsgalaxy/backend/internal/handlers/posts.go:263.22,264.27 1 1
github.com/matthewsgalaxy/backend/internal/handlers/posts.go:264.27,266.4 1 1
github.com/matthewsgalaxy/backend/internal/handlers/posts.go:268.2,268.10 1 1
github.com/matthewsgalaxy/backend/internal/handlers/subscriptions.go:13.32,15.47 2 1
github.com/matthewsgalaxy/backend/internal/handlers/subscriptions.go:15.47,18.3 2 1
github.com/matthewsgalaxy/backend/internal/handlers/subscriptions.go:21.2,24.16 3 0
github.com/matthewsgalaxy/backend/internal/handlers/subscriptions.go:24.16,26.22 1 0
github.com/matthewsgalaxy/backend/internal/handlers/subscriptions.go:26.22,29.4 2 0
github.com/matthewsgalaxy/backend/internal/handlers/subscriptions.go:31.3,35.17 2 0
github.com/matthewsgalaxy/backend/internal/handlers/subscriptions.go:35.17,38.4 2 0
github.com/matthewsgalaxy/backend/internal/handlers/subscriptions.go:39.3,40.9 2 0
github.com/matthewsgalaxy/backend/internal/handlers/subscriptions.go:44.2,45.43 2 0
github.com/matthewsgalaxy/backend/internal/handlers/subscriptions.go:45.43,48.3 2 0
github.com/matthewsgalaxy/backend/internal/handlers/subscriptions.go:51.2,55.16 2 0
github.com/matthewsgalaxy/backend/internal/handlers/subscriptions.go:55.16,58.3 2 0
github.com/matthewsgalaxy/backend/internal/handlers/subscriptions.go:60.2,60.73 1 0
github.com/matthewsgalaxy/backend/internal/handlers/subscriptions.go:64.34,66.17 2 1
github.com/matthewsgalaxy/backend/internal/handlers/subscriptions.go:66.17,69.3 2 1
github.com/matthewsgalaxy/backend/internal/handlers/subscriptions.go:71.2,75.16 2 0
github.com/matthewsgalaxy/backend/internal/handlers/subscriptions.go:75.16,78.3 2 0
github.com/matthewsgalaxy/backend/internal/handlers/subscriptions.go:80.2,81.23 2 0
github.com/matthewsgalaxy/backend/internal/handlers/subscriptions.go:81.23,84.3 2 0
github.com/matthewsgalaxy/backend/internal/handlers/subscriptions.go:86.2,86.70 1 0
github.com/matthewsgalaxy/backend/internal/handlers/subscriptions.go:90.37,95.16 3 0
github.com/matthewsgalaxy/backend/internal/handlers/subscriptions.go:95.16,98.3 2 0
github.com/matthewsgalaxy/backend/internal/handlers/subscriptions.go:100.2,100.36 1 0
